main.c:73:5:chuyenChartoInt	16	static
main.c:77:6:DC1_nghich	16	static
main.c:83:6:DC1_thuan	16	static
main.c:89:6:DC3_thuan	16	static
main.c:95:6:DC3_nghich	16	static
main.c:102:6:DC4_thuan	16	static
main.c:108:6:DC4_nghich	16	static
main.c:115:6:DC2_nghich	16	static
main.c:121:6:DC2_thuan	16	static
main.c:128:6:ngangPhai	8	static
main.c:135:6:ngangTrai	8	static
main.c:143:6:lui	8	static
main.c:151:6:tien	8	static
main.c:158:6:xoayTrai	8	static
main.c:165:6:xoayPhai	8	static
main.c:173:6:dung	8	static
main.c:188:6:xienPhai	8	static
main.c:200:6:xienTrai	8	static
main.c:217:5:main	8	static
main.c:273:6:SystemClock_Config	88	static
main.c:318:13:MX_TIM1_Init	96	static
main.c:401:13:MX_TIM8_Init	96	static
main.c:476:13:MX_TIM9_Init	24	static
main.c:514:13:MX_USART2_UART_Init	8	static
main.c:547:13:MX_USART3_UART_Init	8	static
main.c:578:13:MX_DMA_Init	16	static
main.c:599:13:MX_GPIO_Init	48	static
main.c:696:6:Error_Handler	4	static,ignoring_inline_asm
