stm32f4xx_it.c:67:5:triTuyeDoi	16	static
stm32f4xx_it.c:76:5:chuyen	16	static
stm32f4xx_it.c:81:6:PID_control_DC1	24	static
stm32f4xx_it.c:103:6:PID_control_DC2	24	static
stm32f4xx_it.c:126:6:PID_control_DC3	24	static
stm32f4xx_it.c:149:6:PID_control_DC4	24	static
stm32f4xx_it.c:180:6:NMI_Handler	4	static
stm32f4xx_it.c:195:6:HardFault_Handler	4	static
stm32f4xx_it.c:210:6:MemManage_Handler	4	static
stm32f4xx_it.c:225:6:BusFault_Handler	4	static
stm32f4xx_it.c:240:6:UsageFault_Handler	4	static
stm32f4xx_it.c:255:6:SVC_Handler	4	static
stm32f4xx_it.c:268:6:DebugMon_Handler	4	static
stm32f4xx_it.c:281:6:PendSV_Handler	4	static
stm32f4xx_it.c:294:6:SysTick_Handler	8	static
stm32f4xx_it.c:315:6:EXTI0_IRQHandler	8	static
stm32f4xx_it.c:336:6:EXTI1_IRQHandler	8	static
stm32f4xx_it.c:357:6:EXTI2_IRQHandler	8	static
stm32f4xx_it.c:378:6:DMA1_Stream5_IRQHandler	8	static
stm32f4xx_it.c:392:6:DMA1_Stream6_IRQHandler	8	static
stm32f4xx_it.c:406:6:EXTI9_5_IRQHandler	8	static
stm32f4xx_it.c:427:6:TIM1_BRK_TIM9_IRQHandler	8	static
stm32f4xx_it.c:446:6:USART2_IRQHandler	8	static
stm32f4xx_it.c:460:6:USART3_IRQHandler	8	static
stm32f4xx_it.c:474:6:EXTI15_10_IRQHandler	8	static
